[    0.000000] Initializing cgroup subsys cpuset
[    0.000000] Initializing cgroup subsys cpu
[    0.000000] Initializing cgroup subsys cpuacct
[    0.000000] Linux version 4.4.0-98-generic (buildd@lcy01-03) (gcc version 5.4.0 20160609 (Ubuntu 5.4.0-6ubuntu1~16.04.4) ) #121-Ubuntu SMP Tue Oct 10 14:24:03 UTC 2017 (Ubuntu 4.4.0-98.121-generic 4.4.90)
[    0.000000] Command line: BOOT_IMAGE=/boot/vmlinuz-4.4.0-98-generic root=UUID=d7006b2f-ace6-464d-8b21-17180b3ed360 ro console=tty1 console=ttyS0
[    0.000000] KERNEL supported cpus:
[    0.000000]   Intel GenuineIntel
[    0.000000]   AMD AuthenticAMD
[    0.000000]   Centaur CentaurHauls
[    0.000000] x86/fpu: xstate_offset[2]:  576, xstate_sizes[2]:  256
[    0.000000] x86/fpu: Supporting XSAVE feature 0x01: 'x87 floating point registers'
[    0.000000] x86/fpu: Supporting XSAVE feature 0x02: 'SSE registers'
[    0.000000] x86/fpu: Supporting XSAVE feature 0x04: 'AVX registers'
[    0.000000] x86/fpu: Enabled xstate features 0x7, context size is 832 bytes, using 'standard' format.
[    0.000000] x86/fpu: Using 'lazy' FPU context switches.
[    0.000000] e820: BIOS-provided physical RAM map:
[    0.000000] BIOS-e820: [mem 0x0000000000000000-0x000000000009fbff] usable
[    0.000000] BIOS-e820: [mem 0x000000000009fc00-0x000000000009ffff] reserved
[    0.000000] BIOS-e820: [mem 0x00000000000f0000-0x00000000000fffff] reserved
[    0.000000] BIOS-e820: [mem 0x0000000000100000-0x000000003ffeffff] usable
[    0.000000] BIOS-e820: [mem 0x000000003fff0000-0x000000003fffffff] ACPI data
[    0.000000] BIOS-e820: [mem 0x00000000fec00000-0x00000000fec00fff] reserved
[    0.000000] BIOS-e820: [mem 0x00000000fee00000-0x00000000fee00fff] reserved
[    0.000000] BIOS-e820: [mem 0x00000000fffc0000-0x00000000ffffffff] reserved
[    0.000000] NX (Execute Disable) protection: active
[    0.000000] SMBIOS 2.5 present.
[    0.000000] Hypervisor detected: KVM
[    0.000000] e820: last_pfn = 0x3fff0 max_arch_pfn = 0x400000000
[    0.000000] MTRR: Disabled
[    0.000000] x86/PAT: MTRRs disabled, skipping PAT initialization too.
[    0.000000] CPU MTRRs all blank - virtualized system.
[    0.000000] x86/PAT: Configuration [0-7]: WB  WT  UC- UC  WB  WT  UC- UC  
[    0.000000] found SMP MP-table at [mem 0x0009fff0-0x0009ffff] mapped at [ffff88000009fff0]
[    0.000000] Scanning 1 areas for low memory corruption
[    0.000000] RAMDISK: [mem 0x3622e000-0x3710efff]
[    0.000000] ACPI: Early table checksum verification disabled
[    0.000000] ACPI: RSDP 0x00000000000E0000 000024 (v02 VBOX  )
[    0.000000] ACPI: XSDT 0x000000003FFF0030 00003C (v01 VBOX   VBOXXSDT 00000001 ASL  00000061)
[    0.000000] ACPI: FACP 0x000000003FFF00F0 0000F4 (v04 VBOX   VBOXFACP 00000001 ASL  00000061)
[    0.000000] ACPI: DSDT 0x000000003FFF0470 0021FF (v02 VBOX   VBOXBIOS 00000002 INTL 20100528)
[    0.000000] ACPI: FACS 0x000000003FFF0200 000040
[    0.000000] ACPI: FACS 0x000000003FFF0200 000040
[    0.000000] ACPI: APIC 0x000000003FFF0240 00005C (v02 VBOX   VBOXAPIC 00000001 ASL  00000061)
[    0.000000] ACPI: SSDT 0x000000003FFF02A0 0001CC (v01 VBOX   VBOXCPUT 00000002 INTL 20100528)
[    0.000000] No NUMA configuration found
[    0.000000] Faking a node at [mem 0x0000000000000000-0x000000003ffeffff]
[    0.000000] NODE_DATA(0) allocated [mem 0x3ffeb000-0x3ffeffff]
[    0.000000] kvm-clock: Using msrs 4b564d01 and 4b564d00
[    0.000000] kvm-clock: cpu 0, msr 0:3ffe3001, primary cpu clock
[    0.000000] kvm-clock: using sched offset of 4428255283 cycles
[    0.000000] clocksource: kvm-clock: mask: 0xffffffffffffffff max_cycles: 0x1cd42e4dffb, max_idle_ns: 881590591483 ns
[    0.000000] Zone ranges:
[    0.000000]   DMA      [mem 0x0000000000001000-0x0000000000ffffff]
[    0.000000]   DMA32    [mem 0x0000000001000000-0x000000003ffeffff]
[    0.000000]   Normal   empty
[    0.000000]   Device   empty
[    0.000000] Movable zone start for each node
[    0.000000] Early memory node ranges
[    0.000000]   node   0: [mem 0x0000000000001000-0x000000000009efff]
[    0.000000]   node   0: [mem 0x0000000000100000-0x000000003ffeffff]
[    0.000000] Initmem setup node 0 [mem 0x0000000000001000-0x000000003ffeffff]
[    0.000000] ACPI: PM-Timer IO Port: 0x4008
[    0.000000] IOAPIC[0]: apic_id 2, version 32, address 0xfec00000, GSI 0-23
[    0.000000] ACPI: INT_SRC_OVR (bus 0 bus_irq 0 global_irq 2 dfl dfl)
[    0.000000] ACPI: INT_SRC_OVR (bus 0 bus_irq 9 global_irq 9 high level)
[    0.000000] Using ACPI (MADT) for SMP configuration information
[    0.000000] smpboot: Allowing 2 CPUs, 0 hotplug CPUs
[    0.000000] PM: Registered nosave memory: [mem 0x00000000-0x00000fff]
[    0.000000] PM: Registered nosave memory: [mem 0x0009f000-0x0009ffff]
[    0.000000] PM: Registered nosave memory: [mem 0x000a0000-0x000effff]
[    0.000000] PM: Registered nosave memory: [mem 0x000f0000-0x000fffff]
[    0.000000] e820: [mem 0x40000000-0xfebfffff] available for PCI devices
[    0.000000] Booting paravirtualized kernel on KVM
[    0.000000] clocksource: refined-jiffies: mask: 0xffffffff max_cycles: 0xffffffff, max_idle_ns: 7645519600211568 ns
[    0.000000] setup_percpu: NR_CPUS:512 nr_cpumask_bits:512 nr_cpu_ids:2 nr_node_ids:1
[    0.000000] PERCPU: Embedded 34 pages/cpu @ffff88003fc00000 s98328 r8192 d32744 u1048576
[    0.000000] PV qspinlock hash table entries: 256 (order: 0, 4096 bytes)
[    0.000000] Built 1 zonelists in Node order, mobility grouping on.  Total pages: 257913
[    0.000000] Policy zone: DMA32
[    0.000000] Kernel command line: BOOT_IMAGE=/boot/vmlinuz-4.4.0-98-generic root=UUID=d7006b2f-ace6-464d-8b21-17180b3ed360 ro console=tty1 console=ttyS0
[    0.000000] PID hash table entries: 4096 (order: 3, 32768 bytes)
[    0.000000] Memory: 997328K/1048120K available (8484K kernel code, 1294K rwdata, 3988K rodata, 1492K init, 1316K bss, 50792K reserved, 0K cma-reserved)
[    0.000000] SLUB: HWalign=64, Order=0-3, MinObjects=0, CPUs=2, Nodes=1
[    0.000000] Hierarchical RCU implementation.
[    0.000000] 	Build-time adjustment of leaf fanout to 64.
[    0.000000] 	RCU restricting CPUs from NR_CPUS=512 to nr_cpu_ids=2.
[    0.000000] RCU: Adjusting geometry for rcu_fanout_leaf=64, nr_cpu_ids=2
[    0.000000] NR_IRQS:33024 nr_irqs:440 16
[    0.000000] Console: colour VGA+ 80x25
[    0.000000] console [tty1] enabled
[    0.000000] console [ttyS0] enabled
[    0.000000] tsc: Detected 2394.454 MHz processor
[    1.752973] Calibrating delay loop (skipped) preset value.. 4788.90 BogoMIPS (lpj=9577816)
[    1.755215] pid_max: default: 32768 minimum: 301
[    1.782920] ACPI: Core revision 20150930
[    1.785729] ACPI: 2 ACPI AML tables successfully acquired and loaded
[    1.816957] Security Framework initialized
[    1.842836] Yama: becoming mindful.
[    1.859754] AppArmor: AppArmor initialized
[    1.863612] Dentry cache hash table entries: 131072 (order: 8, 1048576 bytes)
[    1.865179] Inode-cache hash table entries: 65536 (order: 7, 524288 bytes)
[    1.873229] Mount-cache hash table entries: 2048 (order: 2, 16384 bytes)
[    1.881071] Mountpoint-cache hash table entries: 2048 (order: 2, 16384 bytes)
[    1.909890] Initializing cgroup subsys io
[    1.910990] Initializing cgroup subsys memory
[    1.916194] Initializing cgroup subsys devices
[    1.917332] Initializing cgroup subsys freezer
[    1.933020] Initializing cgroup subsys net_cls
[    1.937036] Initializing cgroup subsys perf_event
[    1.938258] Initializing cgroup subsys net_prio
[    1.950557] Initializing cgroup subsys hugetlb
[    1.951729] Initializing cgroup subsys pids
[    1.953022] CPU: Physical Processor ID: 0
[    1.977681] CPU: Processor Core ID: 0
[    1.979669] mce: CPU supports 0 MCE banks
[    2.015169] Last level iTLB entries: 4KB 64, 2MB 8, 4MB 8
[    2.018081] Last level dTLB entries: 4KB 64, 2MB 0, 4MB 0, 1GB 4
[    2.021796] Freeing SMP alternatives memory: 32K
[    2.104812] ftrace: allocating 32154 entries in 126 pages
[    2.192471] smpboot: APIC(0) Converting physical 0 to logical package 0
[    2.199929] smpboot: Max logical packages: 1
[    2.202303] x2apic enabled
[    2.203149] Switched APIC routing to physical x2apic.
[    2.205090] ..TIMER: vector=0x30 apic1=0 pin1=2 apic2=-1 pin2=-1
[    2.312268] smpboot: CPU0: Intel(R) Core(TM) i7-5500U CPU @ 2.40GHz (family: 0x6, model: 0x3d, stepping: 0x4)
[    2.451107] Performance Events: unsupported p6 CPU model 61 no PMU driver, software events only.
[    2.452743] KVM setup paravirtual spinlock
[    2.458626] x86: Booting SMP configuration:
[    2.487718] .... node  #0, CPUs:      #1
[    2.488910] kvm-clock: cpu 1, msr 0:3ffe3041, secondary cpu clock
[    2.492359] mce: CPU supports 0 MCE banks
[    2.495059] x86: Booted up 1 node, 2 CPUs
[    2.507067] smpboot: Total of 2 processors activated (9577.81 BogoMIPS)
[    2.520871] devtmpfs: initialized
[    2.535062] evm: security.selinux
[    2.538989] evm: security.SMACK64
[    2.550598] evm: security.SMACK64EXEC
[    2.551546] evm: security.SMACK64TRANSMUTE
[    2.579022] evm: security.SMACK64MMAP
[    2.588949] evm: security.ima
[    2.589954] evm: security.capability
[    2.591592] clocksource: jiffies: mask: 0xffffffff max_cycles: 0xffffffff, max_idle_ns: 7645041785100000 ns
[    2.618270] futex hash table entries: 512 (order: 3, 32768 bytes)
[    2.621353] pinctrl core: initialized pinctrl subsystem
[    2.622368] RTC time:  4:59:11, date: 11/06/17
[    2.626923] NET: Registered protocol family 16
[    2.650449] cpuidle: using governor ladder
[    2.698529] cpuidle: using governor menu
[    2.709330] PCCT header not found.
[    2.728016] ACPI: bus type PCI registered
[    2.731640] acpiphp: ACPI Hot Plug PCI Controller Driver version: 0.5
[    2.788191] PCI: Using configuration type 1 for base access
[    2.847835] ACPI: Added _OSI(Module Device)
[    2.871433] ACPI: Added _OSI(Processor Device)
[    2.891505] ACPI: Added _OSI(3.0 _SCP Extensions)
[    2.914172] ACPI: Added _OSI(Processor Aggregator Device)
[    2.935194] ACPI: Executed 1 blocks of module-level executable AML code
[    2.940779] ACPI: Interpreter enabled
[    2.952536] ACPI: (supports S0 S5)
[    2.978748] ACPI: Using IOAPIC for interrupt routing
[    2.985639] PCI: Using host bridge windows from ACPI; if necessary, use "pci=nocrs" and report a bug
[    3.032036] ACPI: PCI Root Bridge [PCI0] (domain 0000 [bus 00-ff])
[    3.064779] acpi PNP0A03:00: _OSC: OS supports [ASPM ClockPM Segments MSI]
[    3.102515] acpi PNP0A03:00: _OSC: not requesting OS control; OS requires [ExtendedConfig ASPM ClockPM MSI]
[    3.129437] acpi PNP0A03:00: fail to add MMCONFIG information, can't access extended PCI configuration space under this bridge.
[    3.135436] PCI host bridge to bus 0000:00
[    3.147747] pci_bus 0000:00: root bus resource [io  0x0000-0x0cf7 window]
[    3.149454] pci_bus 0000:00: root bus resource [io  0x0d00-0xffff window]
[    3.151082] pci_bus 0000:00: root bus resource [mem 0x000a0000-0x000bffff window]
[    3.153234] pci_bus 0000:00: root bus resource [mem 0x40000000-0xffdfffff window]
[    3.155277] pci_bus 0000:00: root bus resource [bus 00-ff]
[    3.159018] pci 0000:00:01.1: legacy IDE quirk: reg 0x10: [io  0x01f0-0x01f7]
[    3.177742] pci 0000:00:01.1: legacy IDE quirk: reg 0x14: [io  0x03f6]
[    3.184468] pci 0000:00:01.1: legacy IDE quirk: reg 0x18: [io  0x0170-0x0177]
[    3.194425] pci 0000:00:01.1: legacy IDE quirk: reg 0x1c: [io  0x0376]
[    3.226269] pci 0000:00:07.0: quirk: [io  0x4000-0x403f] claimed by PIIX4 ACPI
[    3.237934] pci 0000:00:07.0: quirk: [io  0x4100-0x410f] claimed by PIIX4 SMB
[    3.262799] ACPI: PCI Interrupt Link [LNKA] (IRQs 5 9 10 *11)
[    3.295875] ACPI: PCI Interrupt Link [LNKB] (IRQs 5 9 10 *11)
[    3.311437] ACPI: PCI Interrupt Link [LNKC] (IRQs 5 9 *10 11)
[    3.320476] ACPI: PCI Interrupt Link [LNKD] (IRQs 5 *9 10 11)
[    3.321984] ACPI: Enabled 2 GPEs in block 00 to 07
[    3.337178] vgaarb: setting as boot device: PCI:0000:00:02.0
[    3.342595] vgaarb: device added: PCI:0000:00:02.0,decodes=io+mem,owns=io+mem,locks=none
[    3.358498] vgaarb: loaded
[    3.378581] vgaarb: bridge control possible 0000:00:02.0
[    3.380329] SCSI subsystem initialized
[    3.401697] ACPI: bus type USB registered
[    3.415920] usbcore: registered new interface driver usbfs
[    3.417268] usbcore: registered new interface driver hub
[    3.418694] usbcore: registered new device driver usb
[    3.431386] PCI: Using ACPI for IRQ routing
[    3.433996] NetLabel: Initializing
[    3.434975] NetLabel:  domain hash size = 128
[    3.436106] NetLabel:  protocols = UNLABELED CIPSOv4
[    3.437389] NetLabel:  unlabeled traffic allowed by default
[    3.447428] amd_nb: Cannot enumerate AMD northbridges
[    3.448809] clocksource: Switched to clocksource kvm-clock
[    3.478524] AppArmor: AppArmor Filesystem Enabled
[    3.501333] pnp: PnP ACPI init
[    3.506978] pnp: PnP ACPI: found 3 devices
[    3.517667] clocksource: acpi_pm: mask: 0xffffff max_cycles: 0xffffff, max_idle_ns: 2085701024 ns
[    3.568818] NET: Registered protocol family 2
[    3.597832] TCP established hash table entries: 8192 (order: 4, 65536 bytes)
[    3.634774] TCP bind hash table entries: 8192 (order: 5, 131072 bytes)
[    3.636171] TCP: Hash tables configured (established 8192 bind 8192)
[    3.638606] UDP hash table entries: 512 (order: 2, 16384 bytes)
[    3.666902] UDP-Lite hash table entries: 512 (order: 2, 16384 bytes)
[    3.667957] NET: Registered protocol family 1
[    3.724347] pci 0000:00:00.0: Limiting direct PCI/PCI transfers
[    3.729735] pci 0000:00:01.0: Activating ISA DMA hang workarounds
[    3.735493] Unpacking initramfs...
[    4.097615] Freeing initrd memory: 15236K
[    4.107363] RAPL PMU detected, API unit is 2^-32 Joules, 4 fixed counters 10737418240 ms ovfl timer
[    4.109922] hw unit of domain pp0-core 2^-0 Joules
[    4.110754] hw unit of domain package 2^-0 Joules
[    4.111575] hw unit of domain dram 2^-0 Joules
[    4.112544] hw unit of domain pp1-gpu 2^-0 Joules
[    4.113623] platform rtc_cmos: registered platform RTC device (no PNP device found)
[    4.123492] Scanning for low memory corruption every 60 seconds
[    4.128496] audit: initializing netlink subsys (disabled)
[    4.132258] audit: type=2000 audit(1509944355.713:1): initialized
[    4.142646] Initialise system trusted keyring
[    4.145381] HugeTLB registered 2 MB page size, pre-allocated 0 pages
[    4.150389] zbud: loaded
[    4.159790] VFS: Disk quotas dquot_6.6.0
[    4.162166] VFS: Dquot-cache hash table entries: 512 (order 0, 4096 bytes)
[    4.165734] squashfs: version 4.0 (2009/01/31) Phillip Lougher
[    4.170984] fuse init (API version 7.23)
[    4.173822] Key type big_key registered
[    4.176468] Allocating IMA MOK and blacklist keyrings.
[    4.179511] Key type asymmetric registered
[    4.182228] Asymmetric key parser 'x509' registered
[    4.183579] Block layer SCSI generic (bsg) driver version 0.4 loaded (major 249)
[    4.185691] io scheduler noop registered
[    4.188090] io scheduler deadline registered (default)
[    4.191986] io scheduler cfq registered
[    4.193208] pci_hotplug: PCI Hot Plug PCI Core version: 0.5
[    4.195887] pciehp: PCI Express Hot Plug Controller Driver version: 0.4
[    4.197873] ACPI: AC Adapter [AC] (on-line)
[    4.199120] input: Power Button as /devices/LNXSYSTM:00/LNXPWRBN:00/input/input0
[    4.201271] ACPI: Power Button [PWRF]
[    4.205507] input: Sleep Button as /devices/LNXSYSTM:00/LNXSLPBN:00/input/input1
[    4.207558] ACPI: Sleep Button [SLPF]
[    4.209908] ACPI: Battery Slot [BAT0] (battery present)
[    4.212400] GHES: HEST is not enabled!
[    4.216215] Serial: 8250/16550 driver, 32 ports, IRQ sharing enabled
[    4.240764] 00:02: ttyS0 at I/O 0x3f8 (irq = 4, base_baud = 115200) is a 16550A
[    4.255582] Linux agpgart interface v0.103
[    4.266232] loop: module loaded
[    4.271262] scsi host0: ata_piix
[    4.275937] scsi host1: ata_piix
[    4.278161] ata1: PATA max UDMA/33 cmd 0x1f0 ctl 0x3f6 bmdma 0xd000 irq 14
[    4.280935] ata2: PATA max UDMA/33 cmd 0x170 ctl 0x376 bmdma 0xd008 irq 15
[    4.282870] libphy: Fixed MDIO Bus: probed
[    4.284100] tun: Universal TUN/TAP device driver, 1.6
[    4.285414] tun: (C) 1999-2004 Max Krasnyansky <maxk@qualcomm.com>
[    4.287126] PPP generic driver version 2.4.2
[    4.288387] ehci_hcd: USB 2.0 'Enhanced' Host Controller (EHCI) Driver
[    4.292625] ehci-pci: EHCI PCI platform driver
[    4.293817] ehci-platform: EHCI generic platform driver
[    4.295229] ohci_hcd: USB 1.1 'Open' Host Controller (OHCI) Driver
[    4.296674] ohci-pci: OHCI PCI platform driver
[    4.297968] ohci-platform: OHCI generic platform driver
[    4.299368] uhci_hcd: USB Universal Host Controller Interface driver
[    4.301000] i8042: PNP: PS/2 Controller [PNP0303:PS2K,PNP0f03:PS2M] at 0x60,0x64 irq 1,12
[    4.303848] serio: i8042 KBD port at 0x60,0x64 irq 1
[    4.308432] serio: i8042 AUX port at 0x60,0x64 irq 12
[    4.315508] mousedev: PS/2 mouse device common for all mice
[    4.318632] input: AT Translated Set 2 keyboard as /devices/platform/i8042/serio0/input/input2
[    4.323120] rtc_cmos rtc_cmos: rtc core: registered rtc_cmos as rtc0
[    4.326190] rtc_cmos rtc_cmos: alarms up to one day, 114 bytes nvram
[    4.327212] i2c /dev entries driver
[    4.328218] device-mapper: uevent: version 1.0.3
[    4.347474] device-mapper: ioctl: 4.34.0-ioctl (2015-10-28) initialised: dm-devel@redhat.com
[    4.350252] ledtrig-cpu: registered to indicate activity on CPUs
[    4.351673] NET: Registered protocol family 10
[    4.352616] NET: Registered protocol family 17
[    4.401574] Key type dns_resolver registered
[    4.402550] microcode: CPU0 sig=0x306d4, pf=0x40, revision=0x0
[    4.466332] microcode: CPU1 sig=0x306d4, pf=0x40, revision=0x0
[    4.472031] microcode: Microcode Update Driver: v2.01 <tigran@aivazian.fsnet.co.uk>, Peter Oruba
[    4.482434] registered taskstats version 1
[    4.531883] Loading compiled-in X.509 certificates
[    4.536178] Loaded X.509 cert 'Build time autogenerated kernel key: 7431eaeda5a51458aeb00f8de0f18f89e178d882'
[    4.628498] zswap: loaded using pool lzo/zbud
[    4.679781] Key type trusted registered
[    4.700331] Key type encrypted registered
[    4.715261] AppArmor: AppArmor sha1 policy hashing enabled
[    4.716641] ima: No TPM chip found, activating TPM-bypass!
[    4.718136] evm: HMAC attrs: 0x1
[    4.735406]   Magic number: 9:345:969
[    4.782813] rtc_cmos rtc_cmos: setting system clock to 2017-11-06 04:59:13 UTC (1509944353)
[    4.824412] BIOS EDD facility v0.16 2004-Jun-25, 0 devices found
[    4.859201] EDD information not available.
[    4.862783] Freeing unused kernel memory: 1492K
[    4.865824] Write protecting the kernel read-only data: 14336k
[    4.867304] Freeing unused kernel memory: 1744K
[    4.868365] Freeing unused kernel memory: 108K
Loading, please wait...
starting version[    4.889954] random: systemd-udevd: uninitialized urandom read (16 bytes read, 3 bits of entropy available)
 229
[    4.890747] random: udevadm: uninitialized urandom read (16 bytes read, 3 bits of entropy available)
[    4.890800] random: udevadm: uninitialized urandom read (16 bytes read, 3 bits of entropy available)
[    4.890957] random: udevadm: uninitialized urandom read (16 bytes read, 3 bits of entropy available)
[    4.891042] random: udevadm: uninitialized urandom read (16 bytes read, 3 bits of entropy available)
[    4.891108] random: udevadm: uninitialized urandom read (16 bytes read, 3 bits of entropy available)
[    4.891168] random: udevadm: uninitialized urandom read (16 bytes read, 3 bits of entropy available)
[    4.891226] random: udevadm: uninitialized urandom read (16 bytes read, 3 bits of entropy available)
[    4.891284] random: udevadm: uninitialized urandom read (16 bytes read, 3 bits of entropy available)
[    4.891343] random: udevadm: uninitialized urandom read (16 bytes read, 3 bits of entropy available)
[    5.059642] e1000: Intel(R) PRO/1000 Network Driver - version 7.3.21-k8-NAPI
[    5.090906] e1000: Copyright (c) 1999-2006 Intel Corporation.
[    5.101302] Fusion MPT base driver 3.04.20
[    5.113341] Copyright (c) 1999-2008 LSI Corporation
[    5.116926] tsc: Refined TSC clocksource calibration: 2396.001 MHz
[    5.122174] clocksource: tsc: mask: 0xffffffffffffffff max_cycles: 0x228975b27b0, max_idle_ns: 440795219968 ns
[    5.135612] Fusion MPT SPI Host driver 3.04.20
[    5.153315] mptbase: ioc0: Initiating bringup
[    5.168772] AVX version of gcm_enc/dec engaged.
[    5.181123] AES CTR mode by8 optimization enabled
[    5.249603] ioc0: LSI53C1030 A0: Capabilities={Initiator}
[    5.366150] input: ImExPS/2 Generic Explorer Mouse as /devices/platform/i8042/serio1/input/input4
[    5.498540] scsi host2: ioc0: LSI53C1030 A0, FwRev=00000000h, Ports=1, MaxQ=256, IRQ=20
[    5.753908] scsi 2:0:0:0: Direct-Access     VBOX     HARDDISK         1.0  PQ: 0 ANSI: 5
[    5.782921] scsi target2:0:0: Beginning Domain Validation
[    5.786708] scsi target2:0:0: Domain Validation skipping write tests
[    5.810852] scsi target2:0:0: Ending Domain Validation
[    5.815420] scsi target2:0:0: asynchronous
[    5.821698] scsi 2:0:1:0: Direct-Access     VBOX     HARDDISK         1.0  PQ: 0 ANSI: 5
[    5.824747] scsi target2:0:1: Beginning Domain Validation
[    5.867267] scsi target2:0:1: Domain Validation skipping write tests
[    5.876211] scsi target2:0:1: Ending Domain Validation
[    5.878903] scsi target2:0:1: asynchronous
[    5.909965] sd 2:0:0:0: Attached scsi generic sg0 type 0
[    5.913265] sd 2:0:1:0: Attached scsi generic sg1 type 0
[    5.915639] sd 2:0:0:0: [sda] 20971520 512-byte logical blocks: (10.7 GB/10.0 GiB)
[    5.915797] sd 2:0:1:0: [sdb] 20480 512-byte logical blocks: (10.5 MB/10.0 MiB)
[    5.915888] sd 2:0:0:0: [sda] Write Protect is off
[    5.915958] sd 2:0:1:0: [sdb] Write Protect is off
[    5.916010] sd 2:0:0:0: [sda] Incomplete mode parameter data
[    5.916012] sd 2:0:0:0: [sda] Assuming drive cache: write through
[    5.916051] sd 2:0:1:0: [sdb] Incomplete mode parameter data
[    5.916052] sd 2:0:1:0: [sdb] Assuming drive cache: write through
[    6.118796] e1000 0000:00:03.0 eth0: (PCI:33MHz:32-bit) 02:14:68:3e:84:47
[    6.210380] e1000 0000:00:03.0 eth0: Intel(R) PRO/1000 Network Connection
[    6.234608] e1000 0000:00:03.0 enp0s3: renamed from eth0
[    6.545254]  sda: sda1
[    6.571171] sd 2:0:0:0: [sda] Attached SCSI disk
[    6.617741] sd 2:0:1:0: [sdb] Attached SCSI disk
[    8.153291] floppy0: no floppy controllers found
Begin: Loading e[    9.631800] md: linear personality registered for level -1
ssential drivers ... [    9.677089] md: multipath personality registered for level -4
[    9.690211] md: raid0 personality registered for level 0
[    9.731031] md: raid1 personality registered for level 1
[    9.813263] raid6: sse2x1   gen()  5964 MB/s
[    9.920859] raid6: sse2x1   xor()  4750 MB/s
[   10.008947] raid6: sse2x2   gen()  7841 MB/s
[   10.084975] raid6: sse2x2   xor()  7116 MB/s
[   10.157019] raid6: sse2x4   gen() 10626 MB/s
[   10.237066] raid6: sse2x4   xor()  5207 MB/s
[   10.250056] raid6: using algorithm sse2x4 gen() 10626 MB/s
[   10.254453] raid6: .... xor() 5207 MB/s, rmw enabled
[   10.255700] raid6: using ssse3x2 recovery algorithm
[   10.258929] xor: automatically using best checksumming function:
[   10.301112]    avx       : 15640.000 MB/sec
[   10.310913] async_tx: api initialized (async)
[   10.359912] md: raid6 personality registered for level 6
[   10.387089] md: raid5 personality registered for level 5
[   10.387987] md: raid4 personality registered for level 4
[   10.395015] md: raid10 personality registered for level 10
done.
Begin: Running /scripts/init-pre[   10.429948] Btrfs loaded
mount ... done.
Begin: Mounting root file system ... Begin: Running /scripts/local-top ... done.
Begin: Running /scripts/local-premount ... Scanning for Btrfs filesystems
done.
Warning: fsck not present, so sk[   10.572524] EXT4-fs (sda1): mounted filesystem with ordered data mode. Opts: (null)
ipping root file system
done.
Begin: Running /scripts/local-bottom ... done.
Begin: Running /scripts/init-bottom ... done.
[   11.116149] random: nonblocking pool is initialized
[   11.298555] systemd[1]: systemd 229 running in system mode. (+PAM +AUDIT +SELINUX +IMA +APPARMOR +SMACK +SYSVINIT +UTMP +LIBCRYPTSETUP +GCRYPT +GNUTLS +ACL +XZ -LZ4 +SECCOMP +BLKID +ELFUTILS +KMOD -IDN)
[   11.319776] systemd[1]: Detected virtualization oracle.
[   11.335615] systemd[1]: Detected architecture x86-64.

Welcome to [1mUbuntu 16.04.3 LTS[0m!

[   11.427081] systemd[1]: Set hostname to <ubuntu-xenial>.
[   12.638913] systemd[1]: Listening on LVM2 metadata daemon socket.
[[0;32m  OK  [0m] Listening on LVM2 metadata daemon socket.
[   12.677558] systemd[1]: Listening on LVM2 poll daemon socket.
[[0;32m  OK  [0m] Listening on LVM2 poll daemon socket.
[   12.705574] systemd[1]: Started Trigger resolvconf update for networkd DNS.
[[0;32m  OK  [0m] Started Trigger resolvconf update for networkd DNS.
[   12.745484] systemd[1]: Listening on udev Kernel Socket.
[[0;32m  OK  [0m] Listening on udev Kernel Socket.
[   12.773186] systemd[1]: Listening on udev Control Socket.
[[0;32m  OK  [0m] Listening on udev Control Socket.
[   12.841441] systemd[1]: Listening on Journal Socket.
[[0;32m  OK  [0m] Listening on Journal Socket.
[   12.933101] systemd[1]: Listening on Device-mapper event daemon FIFOs.
[[0;32m  OK  [0m] Listening on Device-mapper event daemon FIFOs.
[   13.069519] systemd[1]: Started Forward Password Requests to Wall Directory Watch.
[[0;32m  OK  [0m] Started Forward Password Requests to Wall Directory Watch.
[   13.177271] systemd[1]: Created slice System Slice.
[[0;32m  OK  [0m] Created slice System Slice.
[   13.261343] systemd[1]: Starting Monitoring of LVM2 mirrors, snapshots etc. using dmeventd or progress polling...
         Starting Monitoring of LVM2 mirrors... dmeventd or progress polling...
[   13.302880] systemd[1]: Starting Create list of required static device nodes for the current kernel...
         Starting Create list of required st... nodes for the current kernel...
[   13.337130] systemd[1]: Created slice system-serial\x2dgetty.slice.
[[0;32m  OK  [0m] Created slice system-serial\x2dgetty.slice.
[   13.397051] systemd[1]: Starting Remount Root and Kernel File Systems...
         Starting Remount Root and Kernel File Systems...
[   13.479288] EXT4-fs (sda1): re-mounted. Opts: (null)
[   13.602095] systemd[1]: Starting Nameserver information manager...
         Starting Nameserver information manager...
[   13.749485] systemd[1]: Starting Load Kernel Modules...
         Starting Load Kernel Modules...
[   13.825027] systemd[1]: Listening on /dev/initctl Compatibility Named Pipe.
[   13.832321] Loading iSCSI transport class v2.0-870.
[[0;32m  OK  [0m] Listening on /dev/initctl Co[   13.903780] iscsi: registered transport (tcp)
mpatibility Named Pipe.
[   14.013203] systemd[1]: Mounting Debug File System...
         Mounting Debug File System...
[   14.065517] systemd[1]: Set up automount Arbitrary Executable File Formats File System Automount Point.
[[0;32m  OK  [0m] Set up autom[   14.085508] iscsi: registered transport (iser)
ount Arbitrary Executab...ats File System Automount Point.
[   14.625077] systemd[1]: Starting Uncomplicated firewall...
         Starting Uncomplicated firewall...
[   14.677297] systemd[1]: Listening on Journal Socket (/dev/log).
[[0;32m  OK  [0m] Listening on Journal Socket (/dev/log).
[   14.761198] systemd[1]: Mounting POSIX Message Queue File System...
         Mounting POSIX Message Queue File System...
[   14.888990] systemd[1]: Mounting Huge Pages File System...
         Mounting Huge Pages File System...
[   14.937686] systemd[1]: Listening on Journal Audit Socket.
[[0;32m  OK  [0m] Listening on Journal Audit Socket.
[   15.049170] systemd[1]: Starting Set console keymap...
         Starting Set console keymap...
[   15.141232] systemd[1]: Created slice User and Session Slice.
[[0;32m  OK  [0m] Created slice User and Session Slice.
[   15.229198] systemd[1]: Reached target Slices.
[[0;32m  OK  [0m] Reached target Slices.
[   15.265045] systemd[1]: Reached target User and Group Name Lookups.
[[0;32m  OK  [0m] Reached target User and Group Name Lookups.
[   15.340407] systemd[1]: Listening on Syslog Socket.
[[0;32m  OK  [0m] Listening on Syslog Socket.
[   15.361472] systemd[1]: Starting Journal Service...
         Starting Journal Service...
[   15.405522] systemd[1]: Reached target Encrypted Volumes.
[[0;32m  OK  [0m] Reached target Encrypted Volumes.
[   15.429274] systemd[1]: Reached target Swap.
[[0;32m  OK  [0m] Reached target Swap.
[   15.453916] systemd[1]: Mounted Debug File System.
[[0;32m  OK  [0m] Mounted Debug File System.
[   15.532254] systemd[1]: Mounted Huge Pages File System.
[[0;32m  OK  [0m] Mounted Huge Pages File System.
[   15.569598] systemd[1]: Mounted POSIX Message Queue File System.
[[0;32m  OK  [0m] Mounted POSIX Message Queue File System.
[   15.627497] systemd[1]: Started Journal Service.
[[0;32m  OK  [0m] Started Journal Service.
[[0;32m  OK  [0m] Started Create list of required sta...ce nodes for the current kernel.
[[0;32m  OK  [0m] Started Remount Root and Kernel File Systems.
[[0;32m  OK  [0m] Started Load Kernel Modules.
[[0;32m  OK  [0m] Started Uncomplicated firewall.
[[0;32m  OK  [0m] Started Set console keymap.
[[0;32m  OK  [0m] Started Nameserver information manager.
[[0;32m  OK  [0m] Started LVM2 metadata daemon.
         Mounting FUSE Control File System...
         Starting Apply Kernel Variables...
         Starting Initial cloud-init job (pre-networking)...
         Starting udev Coldplug all Devices...
         Starting Load/Save Random Seed...
         Starting Create Static Device Nodes in /dev...
         Starting Flush Journal to Persistent Storage...
[[0;32m  OK  [0m] Mounted FUSE Control File System.
[[0;32m  OK  [0m] Started Apply Kernel Variables.
[[0;32m  OK  [0m] Started Load/Save Random Seed.
[[0;32m  OK  [0m] Started Create Static Device Nodes in /dev.
[[0;32m  OK  [0m] Started udev Coldplug all Devices.
[[0;32m  OK  [0m] Started Monitoring of LVM2 mirrors,...ng dmeventd or progress polling.
         Starting udev Kernel Device Manager...
[[0;32m  OK  [0m] Started Flush Journal to Persistent Storage.
[[0;32m  OK  [0m] Started udev Kernel Device Manager.
[[0;32m  OK  [0m] Reached target Local File Systems (Pre).
[[0;32m  OK  [0m] Reached target Local File Systems.
         Starting Create Volatile Files and Directories...
         Starting Tell Plymouth To Write Out Runtime Data...
         Starting Set console font and keymap...
         Starting LSB: AppArmor initialization...
[[0;32m  OK  [0m] Started Dispatch Password Requests to Console Directory Watch.
[[0;32m  OK  [0m] Started Create Volatile Files and Directories.
[[0;32m  OK  [0m] Started Tell Plymouth To Write Out Runtime Data.
[[0;32m  OK  [0m] Found device /dev/ttyS0.
         Starting Update UTMP about System Boot/Shutdown...
[[0;32m  OK  [0m] Reached target System Time Synchronized.
[[0;32m  OK  [0m] Started Update UTMP about System Boot/Shutdown.
[[0;32m  OK  [0m] Found device 82540EM Gigabit Ethern...r (PRO/1000 MT Desktop Adapter).
[[0;32m  OK  [0m] Listening on Load/Save RF Kill Switch Status /dev/rfkill Watch.
[[0;32m  OK  [0m] Started Set console font and keymap.
[[0;32m  OK  [0m] Created slice system-getty.slice.
[[0;32m  OK  [0m] Started LSB: AppArmor initialization.
[   16.792746] cloud-init[450]: Cloud-init v. 0.7.9 running 'init-local' at Mon, 06 Nov 2017 04:59:27 +0000. Up 16.28 seconds.
[[0;32m  OK  [0m] Started Initial cloud-init job (pre-networking).
[[0;32m  OK  [0m] Reached target Network (Pre).
         Starting Raise network interfaces...
[[0;32m  OK  [0m] Started ifup for enp0s3.
[[0;32m  OK  [0m] Started Raise network interfaces.
         Starting Initial cloud-init job (metadata service crawler)...
[[0;32m  OK  [0m] Reached target Network.
[   18.365509] cloud-init[962]: Cloud-init v. 0.7.9 running 'init' at Mon, 06 Nov 2017 04:59:29 +0000. Up 17.62 seconds.
[   18.456666] [cloud-init[0;32m  OK  [0m[962]: ] ci-info: +++++++++++++++++++++++++++++++++++++Net device info++++++++++++++++++++++++++++++++++++++Started Initial cloud-init job (metadata service crawler).

[   18.457104] cloud-init[962]: ci-info: +--------+------+----------------------------+---------------+-------+-------------------+
[   18.660536] [cloud-init[0;32m  OK  [0m[962]: ] ci-info: | Device |  Up  |          Address           |      Mask     | Scope |     Hw-Address    |Reached target System Initialization.

[[0;32m  OK  [0m] Listening on D-Bus System Message Bus Socket.
[   18.661014] cloud-init[962]: ci-info: +--------+------+----------------------------+---------------+-------+-------------------+
[   18.860591] cloud-init[962]: [ci-info: | enp0s3 | True |         10.0.2.15          | 255.255.255.0 |   .   | 02:14:68:3e:84:47 |[0;32m  OK  [0m
] Started Timer to automatically refresh installed snaps.
         Starting Socket activation for snappy daemon.
[   18.862064] cloud-init[962]: ci-info: | enp0s3 | True | fe80::14:68ff:fe3e:8447/64 |       .       |  link | 02:14:68:3e:84:47 |
[   19.060756] [cloud-init[0;32m  OK  [0m[962]: ] ci-info: |   lo   | True |         127.0.0.1          |   255.0.0.0   |   .   |         .         |Started ACPI Events Check.

[   19.188446] [cloud-init[0;32m  OK  [0m[962]: ] ci-info: |   lo   | True |          ::1/128           |       .       |  host |         .         |Reached target Paths.

[   19.188953] cloud-init[962]: ci-info: +--------+------+----------------------------+---------------+-------+-------------------+
[   19.380843]          cloud-initStarting LXD - unix socket.[962]: 
ci-info: +++++++++++++++++++++++++++Route IPv4 info++++++++++++++++++++++++++++
[   19.488292] cloud-init[962]: ci-info: +-------+-------------+----------+---------------+-----------+-------+
[[0;32m  OK  [0m] Listening on ACPID Listen Socket.
[   19.488782] [cloud-init[0;32m  OK  [0m[962]: ] ci-info: | Route | Destination | Gateway  |    Genmask    | Interface | Flags |Started Timer to automatically fetch and run repair assertions.

[   19.736593] [cloud-init[0;32m  OK  [0m[962]: ] ci-info: +-------+-------------+----------+---------------+-----------+-------+Started Daily Cleanup of Temporary Directories.

[[0;32m  OK  [0m] Listening on UUID daemon activation socket.
[[0;32m  OK  [0m] Reached target Cloud-config availability.
[   19.737087] cloud-init[962]: ci-info: |   0   |   0.0.0.0   | 10.0.2.2 |    0.0.0.0    |   enp0s3  |   UG  |
[[0;32m  OK  [0m] Reached target Network is Online.
[[0;32m  OK  [0m] Started Daily apt download activities.
[[0;32m  OK  [0m] Started Daily apt upgrade and clean activities.
[   19.849045] cloud-init[962]: ci-info: |   1   |   10.0.2.0  | 0.0.0.0  | 255.255.255.0 |   enp0s3  |   U   |
[[0;32m  OK  [0m] Reached target Timers.
[   19.997101] cloud-init[962]: ci-info: +-------+-------------+----------+---------------+-----------+-------+
         Starting iSCSI initiator daemon (iscsid)...
[[0;32m  OK  [0m] Listening on Socket activation for snappy daemon.
[[0;32m  OK  [0m] Listening on LXD - unix socket.
[[0;32m  OK  [0m] Reached target Sockets.
[[0;32m  OK  [0m] Reached target Basic System.
[[0;32m  OK  [0m] Started FUSE filesystem for LXC.
[[0;32m  OK  [0m] Started Regular background program processing daemon.
         Starting LSB: MD monitoring daemon...
[[0;32m  OK  [0m] Started Unattended Upgrades Shutdown.
         Starting Login Service...
         Starting /etc/rc.local Compatibility...
[[0;32m  OK  [0m] Started D-Bus System Message Bus.
         Starting Snappy daemon...
[[0;32m  OK  [0m] Started Deferred execution scheduler.
         Starting Apply the settings specified in cloud-config...
         Starting LSB: Record successful boot for GRUB...
[[0;32m  OK  [0m] Started ACPI event daemon.
         Starting Accounts Service...
         Starting LXD - container startup/shutdown...
         Starting Automatically fetch and run repair assertions...
         Starting System Logging Service...
         Starting OpenBSD Secure Shell server...
[[0;32m  OK  [0m] Started iSCSI initiator daemon (iscsid).
[[0;32m  OK  [0m] Started /etc/rc.local Compatibility.
[[0;32m  OK  [0m] Started Login Service.
         Starting Login to default iSCSI targets...
[[0;32m  OK  [0m] Started LSB: Record successful boot for GRUB.
[[0;32m  OK  [0m] Started LSB: MD monitoring daemon.
[   21.582964] cloud-init[1040]: Cloud-init v. 0.7.9 running 'modules:config' at Mon, 06 Nov 2017 04:59:32 +0000. Up 21.24 seconds.
[[0;32m  OK  [0m] Started Apply the settings specified in cloud-config.
[[0;32m  OK  [0m] Started Automatically fetch and run repair assertions.
[[0;32m  OK  [0m] Started Login to default iSCSI targets.
[[0;32m  OK  [0m] Reached target Remote File Systems (Pre).
[[0;32m  OK  [0m] Reached target Remote File Systems.
         Starting LSB: VirtualBox Linux Additions...
         Starting LSB: automatic crash report generation...
         Starting LSB: daemon to balance interrupts for SMP systems...
         Starting Permit User Sessions...
         Starting LSB: Set the CPU Frequency Scaling governor to "ondemand"...
[[0;32m  OK  [0m] Started System Logging Service.
[[0;32m  OK  [0m] Started OpenBSD Secure Shell server.
[[0;32m  OK  [0m] Started Permit User Sessions.
         Starting Authenticate and Authorize Users to Run Privileged Tasks...
         Starting Terminate Plymouth Boot Screen...
         Starting Hold until boot process finishes up...
[[0;32m  OK  [0m] Started LSB: automatic crash report generation.
[[0;32m  OK  [0m] Started LSB: daemon to balance interrupts for SMP systems.
[[0;32m  OK  [0m] Started LSB: Set the CPU Frequency Scaling governor to "ondemand".
[[0;32m  OK  [0m] Started Terminate Plymouth Boot Screen.
[[0;32m  OK  [0m] Started Hold until boot process finishes up.
[[0;32m  OK  [0m] Started Authenticate and Authorize Users to Run Privileged Tasks.
[[0;32m  OK  [0m] Started Accounts Service.
[[0;32m  OK  [0m] Started Getty on tty1.
[[0;32m  OK  [0m] Started Serial Getty on ttyS0.
[[0;32m  OK  [0m] Reached target Login Prompts.
         Starting Set console scheme...
[[0;32m  OK  [0m] Started Snappy daemon.
[[0;32m  OK  [0m] Started LSB: VirtualBox Linux Additions.
[[0;32m  OK  [0m] Started Set console scheme.
[[0;32m  OK  [0m] Started LXD - container startup/shutdown.
         Starting Auto import assertions from block devices...
[[0;32m  OK  [0m] Started Auto import assertions from block devices.
[[0;32m  OK  [0m] Reached target Multi-User System.
[[0;32m  OK  [0m] Reached target Graphical Interface.
         Starting Execute cloud user/final scripts...
         Starting Update UTMP about System Runlevel Changes...
[[0;32m  OK  [0m] Started Update UTMP about System Runlevel Changes.
[   23.580532] cloud-init[1199]: Cloud-init v. 0.7.9 running 'modules:final' at Mon, 06 Nov 2017 04:59:35 +0000. Up 23.41 seconds.
[   23.622714] cloud-init[1199]: Cloud-init v. 0.7.9 finished at Mon, 06 Nov 2017 04:59:35 +0000. Datasource DataSourceNoCloud [seed=/dev/sdb][dsmode=net].  Up 23.57 seconds
[[0;32m  OK  [0m] Started Execute cloud user/final scripts.
[[0;32m  OK  [0m] Reached target Cloud-init target.
         Starting Daily apt download activities...
[[0;32m  OK  [0m] Created slice User Slice of ubuntu.
         Starting User Manager for UID 1000...
[[0;32m  OK  [0m] Started Session 1 of user ubuntu.
[[0;32m  OK  [0m] Started User Manager for UID 1000.

Ubuntu 16.04.3 LTS ubuntu-xenial ttyS0

ubuntu-xenial login:          S          Stopping Getty on tty1...
         Stopping OpenBSD Secure Shell server...
         Stopping FUSE filesystem for LXC...
         Stopping System Logging Service...
         Stopping LSB: automatic crash report generation...
         Stopping LSB: Set the CPU Frequency Scaling governor to "ondemand"...
         Stopping LSB: VirtualBox Linux Additions...
         Stopping LSB: Record successful boot for GRUB...
[[0;32m  OK  [0m] Stopped target Timers.
[[0;32m  OK  [0m] Stopped Daily apt upgrade and clean activities.
[[0;32m  OK  [0m] Stopped Daily Cleanup of Temporary Directories.
[[0;32m  OK  [0m] Stopped Timer to automatically fetch and run repair assertions.
[[0;32m  OK  [0m] Stopped Daily apt download activities.
         Stopping User Manager for UID 1000...
         Stopping LSB: MD monitoring daemon...
[[0;32m  OK  [0m] Stopped Timer to automatically refresh installed snaps.
[[0;32m  OK  [0m] Stopped target System Time Synchronized.
[[0;32m  OK  [0m] Stopped Apply the settings specified in cloud-config.
[[0;32m  OK  [0m] Stopped target Cloud-config availability.
         Stopping Accounts Service...
         Stopping LXD - container startup/shutdown...
         Stopping Regular background program processing daemon...
[[0;32m  OK  [0m] Unmounted /var/lib/lxcfs.
[[0;32m  OK  [0m] Stopped Regular background program processing daemon.
[[0;32m  OK  [0m] Stopped Snappy daemon.
[[0;32m  OK  [0m] Stopped Deferred execution scheduler.
[[0;32m  OK  [0m] Stopped ACPI event daemon.
[[0;32m  OK  [0m] Stopped Accounts Service.
[[0;32m  OK  [0m] Stopped System Logging Service.
[[0;32m  OK  [0m] Stopped OpenBSD Secure Shell server.
[[0;32m  OK  [0m] Stopped Authenticate and Authorize Users to Run Privileged Tasks.
[[0;32m  OK  [0m] Stopped Getty on tty1.
[[0;32m  OK  [0m] Stopped Serial Getty on ttyS0.
[[0;32m  OK  [0m] Stopped User Manager for UID 1000.
[[0;32m  OK  [0m] Stopped D-Bus System Message Bus.
[[0;32m  OK  [0m] Stopped Session 7 of user ubuntu.
[[0;32m  OK  [0m] Stopped Unattended Upgrades Shutdown.
[[0;32m  OK  [0m] Stopped FUSE filesystem for LXC.
[[0;32m  OK  [0m] Stopped LSB: daemon to balance interrupts for SMP systems.
[[0;32m  OK  [0m] Stopped LSB: Set the CPU Frequency Scaling governor to "ondemand".
[[0;32m  OK  [0m] Stopped LSB: automatic crash report generation.
[[0;32m  OK  [0m] Stopped LSB: Record successful boot for GRUB.
[[0;32m  OK  [0m] Stopped LSB: VirtualBox Linux Additions.
[[0;32m  OK  [0m] Stopped LSB: MD monitoring daemon.
[[0;32m  OK  [0m] Stopped LXD - container startup/shutdown.
[[0;32m  OK  [0m] Removed slice User Slice of ubuntu.
         Stopping Login Service...
[[0;32m  OK  [0m] Removed slice system-serial\x2dgetty.slice.
[[0;32m  OK  [0m] Removed slice system-getty.slice.
[[0;32m  OK  [0m] Stopped /etc/rc.local Compatibility.
         Stopping Permit User Sessions...
[[0;32m  OK  [0m] Stopped Login Service.
[[0;32m  OK  [0m] Stopped Permit User Sessions.
[[0;32m  OK  [0m] Stopped target Remote File Systems.
[[0;32m  OK  [0m] Stopped target Remote File Systems (Pre).
         Stopping Login to default iSCSI targets...
[[0;32m  OK  [0m] Stopped target Basic System.
[[0;32m  OK  [0m] Stopped target Paths.
[[0;32m  OK  [0m] Stopped Forward Password Requests to Wall Directory Watch.
[[0;32m  OK  [0m] Stopped Dispatch Password Requests to Console Directory Watch.
[[0;32m  OK  [0m] Stopped ACPI Events Check.
[[0;32m  OK  [0m] Stopped target Sockets.
[[0;32m  OK  [0m] Closed Socket activation for snappy daemon.
[[0;32m  OK  [0m] Closed LXD - unix socket.
[[0;32m  OK  [0m] Closed Syslog Socket.
[[0;32m  OK  [0m] Closed ACPID Listen Socket.
[[0;32m  OK  [0m] Closed UUID daemon activation socket.
[[0;32m  OK  [0m] Stopped target Slices.
[[0;32m  OK  [0m] Stopped target User and Group Name Lookups.
[[0;32m  OK  [0m] Removed slice User and Session Slice.
[[0;32m  OK  [0m] Closed D-Bus System Message Bus Socket.
[[0;32m  OK  [0m] Stopped target System Initialization.
[[0;32m  OK  [0m] Stopped target Swap.
         Stopping Load/Save Random Seed...
[[0;32m  OK  [0m] Stopped target Encrypted Volumes.
         Stopping Update UTMP about System Boot/Shutdown...
[[0;32m  OK  [0m] Stopped Load/Save Random Seed.
[[0;32m  OK  [0m] Stopped Update UTMP about System Boot/Shutdown.
[[0;32m  OK  [0m] Stopped Create Volatile Files and Directories.
[[0;32m  OK  [0m] Stopped Login to default iSCSI targets.
         Stopping iSCSI initiator daemon (iscsid)...
[[0;32m  OK  [0m] Stopped iSCSI initiator daemon (iscsid).
[[0;32m  OK  [0m] Stopped target Network is Online.
[[0;32m  OK  [0m] Stopped Initial cloud-init job (metadata service crawler).
[[0;32m  OK  [0m] Stopped target Network.
         Stopping Raise network interfaces...
[[0;32m  OK  [0m] Stopped Raise network interfaces.
[[0;32m  OK  [0m] Stopped target Network (Pre).
[[0;32m  OK  [0m] Stopped Initial cloud-init job (pre-networking).
[[0;32m  OK  [0m] Stopped Apply Kernel Variables.
[[0;32m  OK  [0m] Stopped Load Kernel Modules.
[[0;32m  OK  [0m] Stopped target Local File Systems.
         Unmounting /run/user/1000...
         Unmounting /vagrant...
[[0;32m  OK  [0m] Unmounted /run/user/1000.
[[0;32m  OK  [0m] Unmounted /vagrant.
[[0;32m  OK  [0m] Reached target Unmount All Filesystems.
[[0;32m  OK  [0m] Stopped target Local File Systems (Pre).
[[0;32m  OK  [0m] Stopped Create Static Device Nodes in /dev.
         Stopping Monitoring of LVM2 mirrors... dmeventd or progress polling...
[[0;32m  OK  [0m] Stopped Remount Root and Kernel File Systems.
[[0;32m  OK  [0m] Reached target Shutdown.
[11490.169471] reboot: Power down
